// Jest Snapshot v1, https://goo.gl/fbAQLP

exports[`Manage Page snapshot test 1`] = `
<div>
  <h1
    className="header"
  >
    Hello, Admin!
  </h1>
  <div
    className="reviews"
    style={
      Object {
        "marginTop": "-50px",
      }
    }
  >
    <h2
      className="reviews-title"
    >
      <hr />
      List of All Reviews
      <hr />
    </h2>
    <div />
  </div>
</div>
`;
