// Jest Snapshot v1, https://goo.gl/fbAQLP

exports[`renders correctly 1`] = `
Array [
  " ",
  <div
    className="signup-form"
  >
    <div
      id="title-signup"
    >
      <b
        className="text text-center "
        style={
          Object {
            "color": "#2C6674",
            "fontSize": 40,
          }
        }
      >
        Your review is added!
      </b>
    </div>
    <p
      style={
        Object {
          "marginTop": 20,
        }
      }
    >
      Back to 
      <a
        href="/"
        onClick={[Function]}
      >
        home page
      </a>
    </p>
  </div>,
  " ",
]
`;
