// Jest Snapshot v1, https://goo.gl/fbAQLP

exports[`renders correctly 1`] = `
Array [
  " ",
  <div
    className="signup-form"
  >
    <div
      id="title-signup"
    >
      <b
        className="text text-center "
        style={
          Object {
            "color": "#2C6674",
            "fontSize": 50,
          }
        }
      >
        Sign Up
      </b>
    </div>
    <form
      onSubmit={[Function]}
    >
      <div
        id="cta-type"
      >
        <div
          id="admin"
        >
          <input
            checked={null}
            id="admin"
            name="cta"
            onChange={[Function]}
            type="radio"
            value="admin"
          />
          <label
            htmlFor="admin"
          >
            Admin
          </label>
        </div>
        <div
          id="user"
        >
          <input
            checked={null}
            id="user"
            name="cta"
            onChange={[Function]}
            type="radio"
            value="user"
          />
          <label
            htmlFor="user"
          >
            User
          </label>
        </div>
      </div>
      <div
        className="input-name"
      >
        <p
          id="first-name"
        >
          First Name
        </p>
        <p
          id="last-name"
        >
          Last Name
        </p>
      </div>
      <div
        id="cta-type"
        style={
          Object {
            "marginBottom": "0px",
          }
        }
      >
        <input
          className="user-name"
          id="first_name"
          onChange={[Function]}
          required={true}
          size="25"
          style={
            Object {
              "width": "245px",
            }
          }
          type="text"
        />
        <input
          className="user-name"
          id="last_name"
          onChange={[Function]}
          required={true}
          size="25"
          style={
            Object {
              "width": "245px",
            }
          }
          type="text"
        />
      </div>
      <p
        id="input"
      >
        Email
      </p>
      <input
        className="account-info"
        id="user_email"
        onChange={[Function]}
        required={true}
        size="50"
        style={
          Object {
            "width": "500px",
          }
        }
        type="email"
      />
      <p
        id="input"
      >
        Password
      </p>
      <input
        className="account-info"
        id="password"
        onChange={[Function]}
        pattern="(?=.*\\\\d)(?=.*[a-z])(?=.*[A-Z]).{6,}"
        required={true}
        size="50"
        style={
          Object {
            "width": "500px",
          }
        }
        title="Must contain at least one number, one uppercase, and one lowercase letter, and at least 6 or more characters long"
        type="password"
      />
      <br />
      <label
        htmlFor="password"
        id="pass-label"
      >
        (Must contain at least one number, one uppercase, and one lowercase
         
        <br />
        letter, and at least 6 or more characters long)
      </label>
      <p
        id="input"
      >
        Confirm Password
      </p>
      <input
        className="account-info"
        id="password-confirm"
        onChange={[Function]}
        required={true}
        size="50"
        style={
          Object {
            "width": "500px",
          }
        }
        type="password"
      />
      <br />
      <section />
      <input
        id="signup-button"
        type="submit"
        value="CREATE ACCOUNT"
      />
      <p>
        Already have an account? 
        <a
          href="/login"
          onClick={[Function]}
        >
          Log in
        </a>
      </p>
    </form>
  </div>,
  " ",
]
`;
